home@home-MacBookAir:~/otus$ vagrant up
Bringing machine 'intRout' up with 'virtualbox' provider...
Bringing machine 'centRout' up with 'virtualbox' provider...
Bringing machine 'dirSer' up with 'virtualbox' provider...
Bringing machine 'off1Rout' up with 'virtualbox' provider...
Bringing machine 'off1Ser' up with 'virtualbox' provider...
Bringing machine 'off2Rout' up with 'virtualbox' provider...
Bringing machine 'off2Ser' up with 'virtualbox' provider...
==> intRout: You assigned a static IP ending in ".1" to this machine.
==> intRout: This is very often used by the router and can cause the
==> intRout: network to not work properly. If the network doesn't work
==> intRout: properly, try changing this IP.
==> intRout: Importing base box 'centos/7'...
==> intRout: Matching MAC address for NAT networking...
==> intRout: You assigned a static IP ending in ".1" to this machine.
==> intRout: This is very often used by the router and can cause the
==> intRout: network to not work properly. If the network doesn't work
==> intRout: properly, try changing this IP.
==> intRout: Checking if box 'centos/7' version '2004.01' is up to date...
==> intRout: Setting the name of the VM: otus_intRout_1695024103801_19221
==> intRout: Clearing any previously set network interfaces...
==> intRout: Preparing network interfaces based on configuration...
    intRout: Adapter 1: nat
    intRout: Adapter 2: intnet
    intRout: Adapter 3: hostonly
==> intRout: Forwarding ports...
    intRout: 22 (guest) => 2222 (host) (adapter 1)
==> intRout: Booting VM...
==> intRout: Waiting for machine to boot. This may take a few minutes...
    intRout: SSH address: 127.0.0.1:2222
    intRout: SSH username: vagrant
    intRout: SSH auth method: private key
    intRout: 
    intRout: Vagrant insecure key detected. Vagrant will automatically replace
    intRout: this with a newly generated keypair for better security.
    intRout: 
    intRout: Inserting generated public key within guest...
    intRout: Removing insecure key from the guest if it's present...
    intRout: Key inserted! Disconnecting and reconnecting using new SSH key...
==> intRout: Machine booted and ready!
==> intRout: Checking for guest additions in VM...
    intRout: No guest additions were detected on the base box for this VM! Guest
    intRout: additions are required for forwarded ports, shared folders, host only
    intRout: networking, and more. If SSH fails on this machine, please install
    intRout: the guest additions and repackage the box to continue.
    intRout: 
    intRout: This is not an error message; everything may continue to work properly,
    intRout: in which case you may ignore this message.
==> intRout: Setting hostname...
==> intRout: Configuring and enabling network interfaces...
==> intRout: Rsyncing folder: /home/home/otus/ => /vagrant
==> centRout: You assigned a static IP ending in ".1" to this machine.
==> centRout: This is very often used by the router and can cause the
==> centRout: network to not work properly. If the network doesn't work
==> centRout: properly, try changing this IP.
==> centRout: Importing base box 'centos/7'...
==> centRout: Matching MAC address for NAT networking...
==> centRout: You assigned a static IP ending in ".1" to this machine.
==> centRout: This is very often used by the router and can cause the
==> centRout: network to not work properly. If the network doesn't work
==> centRout: properly, try changing this IP.
==> centRout: Checking if box 'centos/7' version '2004.01' is up to date...
==> centRout: Setting the name of the VM: otus_centRout_1695024143678_91429
==> centRout: Fixed port collision for 22 => 2222. Now on port 2200.
==> centRout: Clearing any previously set network interfaces...
==> centRout: Preparing network interfaces based on configuration...
    centRout: Adapter 1: nat
    centRout: Adapter 2: intnet
    centRout: Adapter 3: intnet
    centRout: Adapter 4: intnet
    centRout: Adapter 5: intnet
    centRout: Adapter 6: intnet
    centRout: Adapter 7: intnet
    centRout: Adapter 8: hostonly
==> centRout: Forwarding ports...
    centRout: 22 (guest) => 2200 (host) (adapter 1)
==> centRout: Booting VM...
==> centRout: Waiting for machine to boot. This may take a few minutes...
    centRout: SSH address: 127.0.0.1:2200
    centRout: SSH username: vagrant
    centRout: SSH auth method: private key
    centRout: Warning: Remote connection disconnect. Retrying...
    centRout: Warning: Connection reset. Retrying...
    centRout: Warning: Remote connection disconnect. Retrying...
    centRout: Warning: Connection reset. Retrying...
    centRout: Warning: Connection reset. Retrying...
    centRout: Warning: Remote connection disconnect. Retrying...
    centRout: 
    centRout: Vagrant insecure key detected. Vagrant will automatically replace
    centRout: this with a newly generated keypair for better security.
    centRout: 
    centRout: Inserting generated public key within guest...
    centRout: Removing insecure key from the guest if it's present...
    centRout: Key inserted! Disconnecting and reconnecting using new SSH key...
==> centRout: Machine booted and ready!
==> centRout: Checking for guest additions in VM...
    centRout: No guest additions were detected on the base box for this VM! Guest
    centRout: additions are required for forwarded ports, shared folders, host only
    centRout: networking, and more. If SSH fails on this machine, please install
    centRout: the guest additions and repackage the box to continue.
    centRout: 
    centRout: This is not an error message; everything may continue to work properly,
    centRout: in which case you may ignore this message.
==> centRout: Setting hostname...
==> centRout: Configuring and enabling network interfaces...
==> centRout: Rsyncing folder: /home/home/otus/ => /vagrant
==> dirSer: Importing base box 'centos/7'...
==> dirSer: Matching MAC address for NAT networking...
==> dirSer: Checking if box 'centos/7' version '2004.01' is up to date...
==> dirSer: Setting the name of the VM: otus_dirSer_1695024212057_86294
==> dirSer: Fixed port collision for 22 => 2222. Now on port 2201.
==> dirSer: Clearing any previously set network interfaces...
==> dirSer: Preparing network interfaces based on configuration...
    dirSer: Adapter 1: nat
    dirSer: Adapter 2: intnet
    dirSer: Adapter 3: hostonly
==> dirSer: Forwarding ports...
    dirSer: 22 (guest) => 2201 (host) (adapter 1)
==> dirSer: Booting VM...
==> dirSer: Waiting for machine to boot. This may take a few minutes...
    dirSer: SSH address: 127.0.0.1:2201
    dirSer: SSH username: vagrant
    dirSer: SSH auth method: private key
    dirSer: 
    dirSer: Vagrant insecure key detected. Vagrant will automatically replace
    dirSer: this with a newly generated keypair for better security.
    dirSer: 
    dirSer: Inserting generated public key within guest...
    dirSer: Removing insecure key from the guest if it's present...
    dirSer: Key inserted! Disconnecting and reconnecting using new SSH key...
==> dirSer: Machine booted and ready!
==> dirSer: Checking for guest additions in VM...
    dirSer: No guest additions were detected on the base box for this VM! Guest
    dirSer: additions are required for forwarded ports, shared folders, host only
    dirSer: networking, and more. If SSH fails on this machine, please install
    dirSer: the guest additions and repackage the box to continue.
    dirSer: 
    dirSer: This is not an error message; everything may continue to work properly,
    dirSer: in which case you may ignore this message.
==> dirSer: Setting hostname...
==> dirSer: Configuring and enabling network interfaces...
==> dirSer: Rsyncing folder: /home/home/otus/ => /vagrant
==> off1Rout: You assigned a static IP ending in ".1" to this machine.
==> off1Rout: This is very often used by the router and can cause the
==> off1Rout: network to not work properly. If the network doesn't work
==> off1Rout: properly, try changing this IP.
==> off1Rout: Importing base box 'ubuntu/focal64'...
==> off1Rout: Matching MAC address for NAT networking...
==> off1Rout: You assigned a static IP ending in ".1" to this machine.
==> off1Rout: This is very often used by the router and can cause the
==> off1Rout: network to not work properly. If the network doesn't work
==> off1Rout: properly, try changing this IP.
==> off1Rout: Checking if box 'ubuntu/focal64' version '20230823.0.0' is up to date...
==> off1Rout: Setting the name of the VM: otus_off1Rout_1695024255829_73913
==> off1Rout: Fixed port collision for 22 => 2222. Now on port 2202.
==> off1Rout: Clearing any previously set network interfaces...
==> off1Rout: Preparing network interfaces based on configuration...
    off1Rout: Adapter 1: nat
    off1Rout: Adapter 2: intnet
    off1Rout: Adapter 3: intnet
    off1Rout: Adapter 4: intnet
    off1Rout: Adapter 5: intnet
    off1Rout: Adapter 6: intnet
    off1Rout: Adapter 7: hostonly
==> off1Rout: Forwarding ports...
    off1Rout: 22 (guest) => 2202 (host) (adapter 1)
==> off1Rout: Running 'pre-boot' VM customizations...
==> off1Rout: Booting VM...
==> off1Rout: Waiting for machine to boot. This may take a few minutes...
    off1Rout: SSH address: 127.0.0.1:2202
    off1Rout: SSH username: vagrant
    off1Rout: SSH auth method: private key
    off1Rout: Warning: Connection reset. Retrying...
    off1Rout: Warning: Remote connection disconnect. Retrying...
    off1Rout: 
    off1Rout: Vagrant insecure key detected. Vagrant will automatically replace
    off1Rout: this with a newly generated keypair for better security.
    off1Rout: 
    off1Rout: Inserting generated public key within guest...
    off1Rout: Removing insecure key from the guest if it's present...
    off1Rout: Key inserted! Disconnecting and reconnecting using new SSH key...
==> off1Rout: Machine booted and ready!
==> off1Rout: Checking for guest additions in VM...
==> off1Rout: Setting hostname...
==> off1Rout: Configuring and enabling network interfaces...
==> off1Rout: Mounting shared folders...
    off1Rout: /vagrant => /home/home/otus
==> off1Ser: Importing base box 'ubuntu/focal64'...
==> off1Ser: Matching MAC address for NAT networking...
==> off1Ser: Checking if box 'ubuntu/focal64' version '20230823.0.0' is up to date...
==> off1Ser: Setting the name of the VM: otus_off1Ser_1695024306054_44846
==> off1Ser: Fixed port collision for 22 => 2222. Now on port 2203.
==> off1Ser: Clearing any previously set network interfaces...
==> off1Ser: Preparing network interfaces based on configuration...
    off1Ser: Adapter 1: nat
    off1Ser: Adapter 2: intnet
    off1Ser: Adapter 3: hostonly
==> off1Ser: Forwarding ports...
    off1Ser: 22 (guest) => 2203 (host) (adapter 1)
==> off1Ser: Running 'pre-boot' VM customizations...
==> off1Ser: Booting VM...
==> off1Ser: Waiting for machine to boot. This may take a few minutes...
    off1Ser: SSH address: 127.0.0.1:2203
    off1Ser: SSH username: vagrant
    off1Ser: SSH auth method: private key
    off1Ser: Warning: Connection reset. Retrying...
    off1Ser: Warning: Remote connection disconnect. Retrying...
    off1Ser: 
    off1Ser: Vagrant insecure key detected. Vagrant will automatically replace
    off1Ser: this with a newly generated keypair for better security.
    off1Ser: 
    off1Ser: Inserting generated public key within guest...
    off1Ser: Removing insecure key from the guest if it's present...
    off1Ser: Key inserted! Disconnecting and reconnecting using new SSH key...
==> off1Ser: Machine booted and ready!
==> off1Ser: Checking for guest additions in VM...
==> off1Ser: Setting hostname...
==> off1Ser: Configuring and enabling network interfaces...
==> off1Ser: Mounting shared folders...
    off1Ser: /vagrant => /home/home/otus
==> off2Rout: You assigned a static IP ending in ".1" to this machine.
==> off2Rout: This is very often used by the router and can cause the
==> off2Rout: network to not work properly. If the network doesn't work
==> off2Rout: properly, try changing this IP.
==> off2Rout: Importing base box 'debian/bullseye64'...
==> off2Rout: Matching MAC address for NAT networking...
==> off2Rout: You assigned a static IP ending in ".1" to this machine.
==> off2Rout: This is very often used by the router and can cause the
==> off2Rout: network to not work properly. If the network doesn't work
==> off2Rout: properly, try changing this IP.
==> off2Rout: Checking if box 'debian/bullseye64' version '11.20230615.1' is up to date...
==> off2Rout: Setting the name of the VM: otus_off2Rout_1695024356514_73211
==> off2Rout: Fixed port collision for 22 => 2222. Now on port 2204.
==> off2Rout: Clearing any previously set network interfaces...
==> off2Rout: Preparing network interfaces based on configuration...
    off2Rout: Adapter 1: nat
    off2Rout: Adapter 2: intnet
    off2Rout: Adapter 3: intnet
    off2Rout: Adapter 4: intnet
    off2Rout: Adapter 5: intnet
    off2Rout: Adapter 6: hostonly
==> off2Rout: Forwarding ports...
    off2Rout: 22 (guest) => 2204 (host) (adapter 1)
==> off2Rout: Booting VM...
==> off2Rout: Waiting for machine to boot. This may take a few minutes...
    off2Rout: SSH address: 127.0.0.1:2204
    off2Rout: SSH username: vagrant
    off2Rout: SSH auth method: private key
    off2Rout: 
    off2Rout: Vagrant insecure key detected. Vagrant will automatically replace
    off2Rout: this with a newly generated keypair for better security.
    off2Rout: 
    off2Rout: Inserting generated public key within guest...
    off2Rout: Removing insecure key from the guest if it's present...
    off2Rout: Key inserted! Disconnecting and reconnecting using new SSH key...
==> off2Rout: Machine booted and ready!
==> off2Rout: Checking for guest additions in VM...
    off2Rout: The guest additions on this VM do not match the installed version of
    off2Rout: VirtualBox! In most cases this is fine, but in rare cases it can
    off2Rout: prevent things such as shared folders from working properly. If you see
    off2Rout: shared folder errors, please make sure the guest additions within the
    off2Rout: virtual machine match the version of VirtualBox you have installed on
    off2Rout: your host and reload your VM.
    off2Rout: 
    off2Rout: Guest Additions Version: 6.0.0 r127566
    off2Rout: VirtualBox Version: 6.1
==> off2Rout: Setting hostname...
==> off2Rout: Configuring and enabling network interfaces...
==> off2Rout: Mounting shared folders...
    off2Rout: /vagrant => /home/home/otus
==> off2Ser: Importing base box 'debian/bullseye64'...
==> off2Ser: Matching MAC address for NAT networking...
==> off2Ser: Checking if box 'debian/bullseye64' version '11.20230615.1' is up to date...
==> off2Ser: Setting the name of the VM: otus_off2Ser_1695024400732_54611
==> off2Ser: Fixed port collision for 22 => 2222. Now on port 2205.
==> off2Ser: Clearing any previously set network interfaces...
==> off2Ser: Preparing network interfaces based on configuration...
    off2Ser: Adapter 1: nat
    off2Ser: Adapter 2: intnet
    off2Ser: Adapter 3: hostonly
==> off2Ser: Forwarding ports...
    off2Ser: 22 (guest) => 2205 (host) (adapter 1)
==> off2Ser: Booting VM...
==> off2Ser: Waiting for machine to boot. This may take a few minutes...
    off2Ser: SSH address: 127.0.0.1:2205
    off2Ser: SSH username: vagrant
    off2Ser: SSH auth method: private key
    off2Ser: 
    off2Ser: Vagrant insecure key detected. Vagrant will automatically replace
    off2Ser: this with a newly generated keypair for better security.
    off2Ser: 
    off2Ser: Inserting generated public key within guest...
    off2Ser: Removing insecure key from the guest if it's present...
    off2Ser: Key inserted! Disconnecting and reconnecting using new SSH key...
==> off2Ser: Machine booted and ready!
==> off2Ser: Checking for guest additions in VM...
    off2Ser: The guest additions on this VM do not match the installed version of
    off2Ser: VirtualBox! In most cases this is fine, but in rare cases it can
    off2Ser: prevent things such as shared folders from working properly. If you see
    off2Ser: shared folder errors, please make sure the guest additions within the
    off2Ser: virtual machine match the version of VirtualBox you have installed on
    off2Ser: your host and reload your VM.
    off2Ser: 
    off2Ser: Guest Additions Version: 6.0.0 r127566
    off2Ser: VirtualBox Version: 6.1
==> off2Ser: Setting hostname...
==> off2Ser: Configuring and enabling network interfaces...
==> off2Ser: Mounting shared folders...
    off2Ser: /vagrant => /home/home/otus
==> off2Ser: Running provisioner: ansible...
    off2Ser: Running ansible-playbook...
[WARNING]: Found both group and host with same name: off2Rout
[WARNING]: Found both group and host with same name: off2Ser
[WARNING]: Found both group and host with same name: centRout
[WARNING]: Found both group and host with same name: off1Rout
[WARNING]: Found both group and host with same name: intRout
[WARNING]: Found both group and host with same name: dirSer
[WARNING]: Found both group and host with same name: off1Ser

PLAY [Net] *********************************************************************

TASK [Gathering Facts] *********************************************************
ok: [intRout]

TASK [install iptables & add rules nat] ****************************************
changed: [intRout]

TASK [create template Nat] *****************************************************
changed: [intRout]

TASK [start service iptables] **************************************************
changed: [intRout]

PLAY [enable fowarding for all routers] ****************************************

TASK [Gathering Facts] *********************************************************
ok: [intRout]
ok: [off2Rout]
ok: [centRout]
ok: [off1Rout]

TASK [enable forwarding] *******************************************************
changed: [centRout]
changed: [intRout]
changed: [off1Rout]
changed: [off2Rout]

PLAY [all hosts] ***************************************************************

TASK [Gathering Facts] *********************************************************
ok: [intRout]
ok: [centRout]
ok: [off2Rout]
ok: [off2Ser]
ok: [off1Rout]
ok: [dirSer]
ok: [off1Ser]

TASK [install traceroute] ******************************************************
skipping: [intRout]
skipping: [centRout]
skipping: [dirSer]
ok: [off2Ser]
ok: [off2Rout]
changed: [off1Ser]
changed: [off1Rout]

TASK [install traceroute for Centos] *******************************************
skipping: [off1Rout]
skipping: [off2Ser]
skipping: [off2Rout]
skipping: [off1Ser]
ok: [intRout]
changed: [dirSer]
changed: [centRout]

TASK [disable default route] ***************************************************
skipping: [intRout]
skipping: [off1Rout]
skipping: [off2Ser]
skipping: [off2Rout]
skipping: [off1Ser]
changed: [dirSer]
changed: [centRout]

TASK [add default gatw centRout] ***********************************************
skipping: [intRout]
skipping: [off1Rout]
skipping: [off2Ser]
skipping: [off2Rout]
skipping: [dirSer]
skipping: [off1Ser]
changed: [centRout]

TASK [add default gateway for dirSer] ******************************************
skipping: [intRout]
skipping: [centRout]
skipping: [off1Rout]
skipping: [off2Ser]
skipping: [off2Rout]
skipping: [off1Ser]
changed: [dirSer]

TASK [add file from interface dirSer and intRout] ******************************
skipping: [centRout]
skipping: [off1Rout]
skipping: [off2Ser]
skipping: [off2Rout]
skipping: [off1Ser]
changed: [dirSer]
changed: [intRout]

TASK [add static rout intRout] *************************************************
skipping: [centRout]
skipping: [off1Rout]
skipping: [off2Ser]
skipping: [off2Rout]
skipping: [dirSer]
skipping: [off1Ser]
changed: [intRout]

TASK [add folder rout] *********************************************************
skipping: [intRout]
skipping: [off1Rout]
skipping: [off2Ser]
skipping: [off2Rout]
skipping: [dirSer]
skipping: [off1Ser]
changed: [centRout]

TASK [add file dirSer and intRout] *********************************************
skipping: [intRout]
skipping: [off1Rout]
skipping: [off2Ser]
skipping: [off2Rout]
skipping: [dirSer]
skipping: [off1Ser]
changed: [centRout]

TASK [add static rout dirSer] **************************************************
skipping: [intRout]
skipping: [off1Rout]
skipping: [off2Ser]
skipping: [off2Rout]
skipping: [dirSer]
skipping: [off1Ser]
changed: [centRout]

TASK [add static rout dirSer] **************************************************
skipping: [intRout]
skipping: [off1Rout]
skipping: [off2Ser]
skipping: [off2Rout]
skipping: [dirSer]
skipping: [off1Ser]
changed: [centRout]

TASK [setup route on off1Ser] **************************************************
skipping: [intRout]
skipping: [centRout]
skipping: [off1Rout]
skipping: [off2Ser]
skipping: [off2Rout]
skipping: [dirSer]
changed: [off1Ser]

TASK [setup route on off2Ser] **************************************************
skipping: [intRout]
skipping: [centRout]
skipping: [off1Rout]
skipping: [off2Rout]
skipping: [dirSer]
skipping: [off1Ser]
changed: [off2Ser]

TASK [setup route on off1Rout] *************************************************
skipping: [intRout]
skipping: [centRout]
skipping: [off2Ser]
skipping: [off2Rout]
skipping: [dirSer]
skipping: [off1Ser]
changed: [off1Rout]

TASK [setup route on off2Rout] *************************************************
skipping: [intRout]
skipping: [centRout]
skipping: [off1Rout]
skipping: [off2Ser]
skipping: [dirSer]
skipping: [off1Ser]
changed: [off2Rout]

TASK [shell] *******************************************************************
changed: [intRout]
changed: [off2Rout]
changed: [off2Ser]
changed: [off1Rout]
changed: [centRout]
changed: [off1Ser]
changed: [dirSer]

TASK [wait for system hosts] ***************************************************
ok: [off2Rout]
ok: [off2Ser]
ok: [intRout]
ok: [centRout]
ok: [off1Rout]
ok: [dirSer]
ok: [off1Ser]

PLAY RECAP *********************************************************************
centRout                   : ok=12   changed=9    unreachable=0    failed=0    skipped=8    rescued=0    ignored=0   
dirSer                     : ok=7    changed=5    unreachable=0    failed=0    skipped=11   rescued=0    ignored=0   
intRout                    : ok=12   changed=7    unreachable=0    failed=0    skipped=12   rescued=0    ignored=0   
off1Rout                   : ok=7    changed=4    unreachable=0    failed=0    skipped=13   rescued=0    ignored=0   
off1Ser                    : ok=5    changed=3    unreachable=0    failed=0    skipped=13   rescued=0    ignored=0   
off2Rout                   : ok=7    changed=3    unreachable=0    failed=0    skipped=13   rescued=0    ignored=0   
off2Ser                    : ok=5    changed=2    unreachable=0    failed=0    skipped=13   rescued=0    ignored=0   


==> off2Rout: Machine 'off2Rout' has a post `vagrant up` message. This is a message
==> off2Rout: from the creator of the Vagrantfile, and not from Vagrant itself:
==> off2Rout: 
==> off2Rout: Vanilla Debian box. See https://app.vagrantup.com/debian for help and bug reports

==> off2Ser: Machine 'off2Ser' has a post `vagrant up` message. This is a message
==> off2Ser: from the creator of the Vagrantfile, and not from Vagrant itself:
==> off2Ser: 
==> off2Ser: Vanilla Debian box. See https://app.vagrantup.com/debian for help and bug reports
*****************************************off1Ser*****************************
vagrant@off1Ser:~$ ping ya.ru
PING ya.ru (77.88.55.242) 56(84) bytes of data.
64 bytes from ya.ru (77.88.55.242): icmp_seq=1 ttl=57 time=47.6 ms
64 bytes from ya.ru (77.88.55.242): icmp_seq=2 ttl=57 time=45.7 ms
64 bytes from ya.ru (77.88.55.242): icmp_seq=3 ttl=57 time=49.7 ms
64 bytes from ya.ru (77.88.55.242): icmp_seq=4 ttl=57 time=46.9 ms
64 bytes from ya.ru (77.88.55.242): icmp_seq=5 ttl=57 time=47.1 ms
^Z
[1]+  Stopped                 ping ya.ru
vagrant@off1Ser:~$ ping 192.168.2.129
PING 192.168.2.129 (192.168.2.129) 56(84) bytes of data.
64 bytes from 192.168.2.129: icmp_seq=1 ttl=64 time=1.20 ms
64 bytes from 192.168.2.129: icmp_seq=2 ttl=64 time=1.02 ms
^Z
[2]+  Stopped                 ping 192.168.2.129
vagrant@off1Ser:~$ ping 192.168.255.10
PING 192.168.255.10 (192.168.255.10) 56(84) bytes of data.
64 bytes from 192.168.255.10: icmp_seq=1 ttl=64 time=0.980 ms
64 bytes from 192.168.255.10: icmp_seq=2 ttl=64 time=1.01 ms
64 bytes from 192.168.255.10: icmp_seq=3 ttl=64 time=0.905 ms
^Z
[3]+  Stopped                 ping 192.168.255.10
vagrant@off1Ser:~$ ping 192.168.255.9
PING 192.168.255.9 (192.168.255.9) 56(84) bytes of data.
64 bytes from 192.168.255.9: icmp_seq=1 ttl=63 time=1.92 ms
64 bytes from 192.168.255.9: icmp_seq=2 ttl=63 time=1.78 ms
^Z
[4]+  Stopped                 ping 192.168.255.9
vagrant@off1Ser:~$ ping 192.168.255.2
PING 192.168.255.2 (192.168.255.2) 56(84) bytes of data.
64 bytes from 192.168.255.2: icmp_seq=1 ttl=63 time=2.13 ms
64 bytes from 192.168.255.2: icmp_seq=2 ttl=63 time=1.77 ms
64 bytes from 192.168.255.2: icmp_seq=3 ttl=63 time=1.67 ms
^Z
[5]+  Stopped                 ping 192.168.255.2
vagrant@off1Ser:~$ ping 192.168.255.1
PING 192.168.255.1 (192.168.255.1) 56(84) bytes of data.
64 bytes from 192.168.255.1: icmp_seq=1 ttl=62 time=1.30 ms
64 bytes from 192.168.255.1: icmp_seq=2 ttl=62 time=2.56 ms
^Z
[6]+  Stopped                 ping 192.168.255.1

vagrant@off1Ser:~$ ip r
default via 192.168.2.129 dev enp0s8 proto static 
default via 10.0.2.2 dev enp0s3 proto dhcp src 10.0.2.15 metric 100 
10.0.2.0/24 dev enp0s3 proto kernel scope link src 10.0.2.15 
10.0.2.2 dev enp0s3 proto dhcp scope link src 10.0.2.15 metric 100 
192.168.2.128/26 dev enp0s8 proto kernel scope link src 192.168.2.130 
192.168.56.0/24 dev enp0s9 proto kernel scope link src 192.168.56.14 
vagrant@off1Ser:~$ 

vagrant@off1Ser:~$ traceroute 8.8.8.8
traceroute to 8.8.8.8 (8.8.8.8), 30 hops max, 60 byte packets
 1  _gateway (192.168.2.129)  1.113 ms  1.204 ms  3.146 ms
 2  192.168.255.9 (192.168.255.9)  2.828 ms  5.195 ms  5.072 ms
 3  192.168.255.1 (192.168.255.1)  8.278 ms  9.417 ms  9.280 ms
 4  * * *
 5  * * *
 6  * * *
 7  * * *
 8  100.100.100.100 (100.100.100.100)  28.931 ms  28.806 ms  32.410 ms
 9  192.168.83.13 (192.168.83.13)  32.115 ms  46.471 ms  47.480 ms
10  * * *
11  178.176.146.105 (178.176.146.105)  47.438 ms  47.437 ms  47.966 ms
12  10.222.5.109 (10.222.5.109)  86.321 ms  82.984 ms 10.222.5.97 (10.222.5.97)  83.341 ms
13  10.222.34.145 (10.222.34.145)  40.450 ms 10.222.34.141 (10.222.34.141)  38.992 ms 10.222.34.145 (10.222.34.145)  45.809 ms
14  10.222.34.14 (10.222.34.14)  45.776 ms  45.716 ms  40.558 ms
15  83.169.204.113 (83.169.204.113)  39.768 ms 83.169.204.119 (83.169.204.119)  40.305 ms  39.970 ms
16  178.176.152.61 (178.176.152.61)  77.059 ms 72.14.222.181 (72.14.222.181)  76.975 ms  72.417 ms
17  108.170.250.99 (108.170.250.99)  70.479 ms 108.170.250.51 (108.170.250.51)  70.370 ms 108.170.250.99 (108.170.250.99)  70.307 ms
18  142.251.237.156 (142.251.237.156)  103.581 ms 142.250.238.214 (142.250.238.214)  105.616 ms 142.251.238.82 (142.251.238.82)  106.665 ms
19  142.250.233.0 (142.250.233.0)  105.345 ms 142.251.238.70 (142.251.238.70)  70.958 ms  66.742 ms
20  216.239.63.27 (216.239.63.27)  69.455 ms 172.253.70.51 (172.253.70.51)  66.570 ms 216.239.48.85 (216.239.48.85)  69.112 ms
21  * * *
22  * * *
23  * * *
24  * * *
25  * * *
26  * * *
27  * * *
28  * * *
29  * * dns.google (8.8.8.8)  56.084 ms
**************************************off1Rout*********************************
vagrant@off1Rout:~$ ip r
default via 192.168.255.9 dev enp0s8 proto static 
default via 10.0.2.2 dev enp0s3 proto dhcp src 10.0.2.15 metric 100 
10.0.2.0/24 dev enp0s3 proto kernel scope link src 10.0.2.15 
10.0.2.2 dev enp0s3 proto dhcp scope link src 10.0.2.15 metric 100 
192.168.2.0/26 dev enp0s9 proto kernel scope link src 192.168.2.1 
192.168.2.64/28 dev enp0s10 proto kernel scope link src 192.168.2.64 
192.168.2.128/26 dev enp0s16 proto kernel scope link src 192.168.2.129 
192.168.2.192/26 dev enp0s17 proto kernel scope link src 192.168.2.192 
192.168.56.0/24 dev enp0s18 proto kernel scope link src 192.168.56.13 
192.168.255.8/30 dev enp0s8 proto kernel scope link src 192.168.255.10

vagrant@off1Rout:~$ traceroute 8.8.8.8
traceroute to 8.8.8.8 (8.8.8.8), 30 hops max, 60 byte packets
 1  _gateway (192.168.255.9)  0.411 ms  0.640 ms  0.598 ms
 2  192.168.255.1 (192.168.255.1)  2.146 ms  2.118 ms  2.088 ms
 3  * * *
 4  * * *
 5  * * *
 6  192.168.88.1 (192.168.88.1)  5.032 ms  4.454 ms  4.344 ms
 7  100.100.100.100 (100.100.100.100)  5.837 ms  10.625 ms  11.668 ms
 8  192.168.83.13 (192.168.83.13)  13.397 ms  13.254 ms  13.171 ms
 9  * * *
10  178.176.146.105 (178.176.146.105)  13.906 ms  13.739 ms  13.629 ms
11  10.222.5.97 (10.222.5.97)  46.576 ms  46.816 ms  41.176 ms
12  10.222.34.141 (10.222.34.141)  40.684 ms 10.222.34.145 (10.222.34.145)  41.049 ms 10.222.34.141 (10.222.34.141)  44.136 ms
13  10.222.34.18 (10.222.34.18)  44.045 ms 10.222.34.14 (10.222.34.14)  43.627 ms 10.222.34.18 (10.222.34.18)  43.510 ms
14  83.169.204.119 (83.169.204.119)  43.414 ms 83.169.204.113 (83.169.204.113)  43.317 ms 83.169.204.117 (83.169.204.117)  43.214 ms
15  72.14.222.181 (72.14.222.181)  43.533 ms  43.451 ms  43.325 ms
16  108.170.250.83 (108.170.250.83)  41.416 ms 108.170.250.130 (108.170.250.130)  41.321 ms 108.170.250.113 (108.170.250.113)  41.255 ms
17  72.14.234.54 (72.14.234.54)  59.201 ms 142.251.237.154 (142.251.237.154)  86.979 ms 142.251.237.156 (142.251.237.156)  64.509 ms
18  142.251.237.144 (142.251.237.144)  71.017 ms 142.251.237.146 (142.251.237.146)  55.072 ms 142.251.237.148 (142.251.237.148)  53.967 ms
19  209.85.251.41 (209.85.251.41)  56.292 ms 172.253.64.51 (172.253.64.51)  56.366 ms 142.250.56.129 (142.250.56.129)  54.134 ms
20  * * *
21  * * *
22  * * *
23  * * *
24  * * *
25  * * *
26  * * *
27  dns.google (8.8.8.8)  58.500 ms * *
vagrant@off1Rout:~$ ping 8.8.8.8
PING 8.8.8.8 (8.8.8.8) 56(84) bytes of data.
64 bytes from 8.8.8.8: icmp_seq=1 ttl=59 time=55.1 ms
64 bytes from 8.8.8.8: icmp_seq=2 ttl=59 time=53.6 ms
^Z
[1]+  Stopped                 ping 8.8.8.8
vagrant@off1Rout:~$ ping 192.168.255.2
PING 192.168.255.2 (192.168.255.2) 56(84) bytes of data.
64 bytes from 192.168.255.2: icmp_seq=1 ttl=64 time=1.13 ms
64 bytes from 192.168.255.2: icmp_seq=2 ttl=64 time=0.976 ms
^Z
[2]+  Stopped                 ping 192.168.255.2
vagrant@off1Rout:~$ ping 192.168.255.1
PING 192.168.255.1 (192.168.255.1) 56(84) bytes of data.
64 bytes from 192.168.255.1: icmp_seq=1 ttl=63 time=2.04 ms
64 bytes from 192.168.255.1: icmp_seq=2 ttl=63 time=1.67 ms
64 bytes from 192.168.255.1: icmp_seq=3 ttl=63 time=1.78 ms
64 bytes from 192.168.255.1: icmp_seq=4 ttl=63 time=1.71 ms
^C
--- 192.168.255.1 ping statistics ---
4 packets transmitted, 4 received, 0% packet loss, time 3006ms
rtt min/avg/max/mdev = 1.668/1.796/2.035/0.142 ms
vagrant@off1Rout:~$ ping 192.168.255.6
PING 192.168.255.6 (192.168.255.6) 56(84) bytes of data.
64 bytes from 192.168.255.6: icmp_seq=1 ttl=63 time=2.00 ms
64 bytes from 192.168.255.6: icmp_seq=2 ttl=63 time=0.951 ms
64 bytes from 192.168.255.6: icmp_seq=3 ttl=63 time=2.06 ms
64 bytes from 192.168.255.6: icmp_seq=4 ttl=63 time=2.13 ms
^Z
[3]+  Stopped                 ping 192.168.255.6
vagrant@off1Rout:~$ ping 192.168.3.1
PING 192.168.3.1 (192.168.3.1) 56(84) bytes of data.
64 bytes from 192.168.3.1: icmp_seq=1 ttl=63 time=2.56 ms
64 bytes from 192.168.3.1: icmp_seq=2 ttl=63 time=1.84 ms
64 bytes from 192.168.3.1: icmp_seq=3 ttl=63 time=1.93 ms
64 bytes from 192.168.3.1: icmp_seq=4 ttl=63 time=2.07 ms
^Z
***********************************centRout*************************
[vagrant@centRout ~]$ ip r
default via 192.168.255.1 dev eth1 proto static metric 103 
10.0.2.0/24 dev eth0 proto kernel scope link src 10.0.2.15 metric 104 
192.168.0.0/28 dev eth2 proto kernel scope link src 192.168.0.1 metric 100 
192.168.0.32/28 dev eth4 proto kernel scope link src 192.168.0.33 metric 101 
192.168.0.64/26 dev eth6 proto kernel scope link src 192.168.0.65 metric 106 
192.168.2.0/24 via 192.168.255.10 dev eth3 proto static metric 102 
192.168.3.0/24 via 192.168.255.6 dev eth5 proto static metric 105 
192.168.56.0/24 dev eth7 proto kernel scope link src 192.168.56.11 metric 107 
192.168.255.0/30 dev eth1 proto kernel scope link src 192.168.255.2 metric 103 
192.168.255.4/30 dev eth5 proto kernel scope link src 192.168.255.5 metric 105 
192.168.255.8/30 dev eth3 proto kernel scope link src 192.168.255.9 metric 102 
traceroute to 8.8.8.8 (8.8.8.8), 30 hops max, 60 byte packets
 1  gateway (192.168.255.1)  0.412 ms  0.352 ms  0.200 ms
 2  * * *
 3  * * *
 4  * * *
 5  192.168.88.1 (192.168.88.1)  6.150 ms  5.992 ms  5.915 ms
 6  100.100.100.100 (100.100.100.100)  6.414 ms  4.585 ms  4.523 ms
 7  192.168.83.13 (192.168.83.13)  5.787 ms  6.038 ms  6.006 ms
 8  46.16.226.13 (46.16.226.13)  6.395 ms  6.878 ms  4.432 ms
 9  178.176.146.105 (178.176.146.105)  4.363 ms  6.050 ms  5.731 ms
10  10.222.5.109 (10.222.5.109)  55.728 ms  56.417 ms  55.887 ms
11  10.222.34.141 (10.222.34.141)  54.307 ms 10.222.34.145 (10.222.34.145)  54.373 ms 10.222.34.141 (10.222.34.141)  51.205 ms
12  10.222.34.18 (10.222.34.18)  51.014 ms  70.152 ms 10.222.34.14 (10.222.34.14)  73.994 ms
13  83.169.204.115 (83.169.204.115)  71.712 ms  73.767 ms  73.616 ms
14  37.29.3.250 (37.29.3.250)  73.489 ms 72.14.222.181 (72.14.222.181)  73.369 ms  40.716 ms
15  108.170.250.51 (108.170.250.51)  41.259 ms 108.170.250.113 (108.170.250.113)  39.119 ms  39.137 ms
16  72.14.234.20 (72.14.234.20)  53.284 ms 142.251.49.158 (142.251.49.158)  54.526 ms 172.253.66.116 (172.253.66.116)  55.824 ms
17  142.251.238.68 (142.251.238.68)  59.650 ms 72.14.235.69 (72.14.235.69)  61.572 ms 172.253.66.110 (172.253.66.110)  57.073 ms
18  216.239.54.201 (216.239.54.201)  56.938 ms 172.253.64.53 (172.253.64.53)  60.006 ms 142.250.56.125 (142.250.56.125)  54.771 ms
19  * * *
20  * * *
21  * * *
22  * * *
23  * * *
24  * * *
25  * * *
26  * * *
27  dns.google (8.8.8.8)  53.203 ms * *

[vagrant@centRout ~]$ ping ya.ru
PING ya.ru (77.88.55.242) 56(84) bytes of data.
64 bytes from ya.ru (77.88.55.242): icmp_seq=1 ttl=61 time=48.5 ms
64 bytes from ya.ru (77.88.55.242): icmp_seq=2 ttl=61 time=46.2 ms
^Z
[1]+  Stopped                 ping ya.ru
[vagrant@centRout ~]$ ping 192.168.0.1
PING 192.168.0.1 (192.168.0.1) 56(84) bytes of data.
64 bytes from 192.168.0.1: icmp_seq=1 ttl=64 time=0.050 ms
64 bytes from 192.168.0.1: icmp_seq=2 ttl=64 time=0.052 ms
64 bytes from 192.168.0.1: icmp_seq=3 ttl=64 time=0.055 ms
^Z
[2]+  Stopped                 ping 192.168.0.1
[vagrant@centRout ~]$ ping 192.168.2.130
PING 192.168.2.130 (192.168.2.130) 56(84) bytes of data.
64 bytes from 192.168.2.130: icmp_seq=1 ttl=63 time=1.61 ms
64 bytes from 192.168.2.130: icmp_seq=2 ttl=63 time=1.93 ms
64 bytes from 192.168.2.130: icmp_seq=3 ttl=63 time=1.99 ms
^Z
[3]+  Stopped                 ping 192.168.2.130
******************************off2Rout************************************vagrant@off2Ser:~$ ip r
default via 192.168.3.1 dev eth1 
10.0.2.0/24 dev eth0 proto kernel scope link src 10.0.2.15 
192.168.3.0/26 dev eth1 proto kernel scope link src 192.168.3.2 
192.168.56.0/24 dev eth2 proto kernel scope link src 192.168.56.16

vagrant@off2Ser:~$ traceroute 8.8.8.8
traceroute to 8.8.8.8 (8.8.8.8), 30 hops max, 60 byte packets
 1  192.168.3.1 (192.168.3.1)  1.433 ms  1.315 ms  1.243 ms
 2  192.168.255.5 (192.168.255.5)  6.359 ms  6.210 ms  6.095 ms
 3  192.168.255.1 (192.168.255.1)  11.215 ms  11.065 ms  10.950 ms
 4  * * *
 5  * * *
 6  * * *
 7  * * *
 8  100.100.100.100 (100.100.100.100)  9.011 ms  10.185 ms  11.166 ms
 9  192.168.83.13 (192.168.83.13)  11.061 ms  9.702 ms  11.118 ms
10  46.16.226.13 (46.16.226.13)  11.662 ms  11.561 ms  13.160 ms
11  178.176.146.105 (178.176.146.105)  11.395 ms  11.306 ms  11.222 ms
12  10.222.5.97 (10.222.5.97)  49.484 ms  50.867 ms  45.618 ms
13  10.222.34.141 (10.222.34.141)  46.704 ms 10.222.34.145 (10.222.34.145)  46.601 ms  46.485 ms
14  10.222.34.18 (10.222.34.18)  43.509 ms  41.023 ms 10.222.34.14 (10.222.34.14)  44.722 ms
15  83.169.204.119 (83.169.204.119)  44.428 ms 83.169.204.117 (83.169.204.117)  44.126 ms  43.891 ms
16  72.14.222.181 (72.14.222.181)  43.977 ms 178.176.152.61 (178.176.152.61)  43.356 ms 72.14.222.181 (72.14.222.181)  41.327 ms
17  108.170.250.146 (108.170.250.146)  40.623 ms 108.170.250.130 (108.170.250.130)  40.528 ms 108.170.250.66 (108.170.250.66)  40.743 ms
18  142.251.49.158 (142.251.49.158)  55.572 ms 72.14.234.20 (72.14.234.20)  54.158 ms 209.85.249.158 (209.85.249.158)  56.199 ms
19  74.125.253.94 (74.125.253.94)  54.706 ms 142.251.238.72 (142.251.238.72)  59.310 ms *
20  142.250.56.217 (142.250.56.217)  57.892 ms 172.253.64.53 (172.253.64.53)  57.438 ms 108.170.233.161 (108.170.233.161)  58.924 ms
21  * * *
22  * * *
23  * * *
24  * * *
25  * * *
26  * * *
27  * * *
28  * * *
29  * * *
agrant@off2Ser:~$ ping ya.ru
PING ya.ru (5.255.255.242) 56(84) bytes of data.
64 bytes from ya.ru (5.255.255.242): icmp_seq=1 ttl=57 time=43.4 ms
64 bytes from ya.ru (5.255.255.242): icmp_seq=2 ttl=57 time=43.9 ms
64 bytes from ya.ru (5.255.255.242): icmp_seq=3 ttl=57 time=44.3 ms
^Z
[1]+  Stopped                 ping ya.ru
vagrant@off2Ser:~$ ping 192.168.255.5
PING 192.168.255.5 (192.168.255.5) 56(84) bytes of data.
64 bytes from 192.168.255.5: icmp_seq=1 ttl=63 time=3.33 ms
64 bytes from 192.168.255.5: icmp_seq=2 ttl=63 time=1.80 ms
^Z
[2]+  Stopped                 ping 192.168.255.5
vagrant@off2Ser:~$ ping 192.168.255.6
PING 192.168.255.6 (192.168.255.6) 56(84) bytes of data.
64 bytes from 192.168.255.6: icmp_seq=1 ttl=64 time=1.12 ms
64 bytes from 192.168.255.6: icmp_seq=2 ttl=64 time=0.889 ms
64 bytes from 192.168.255.6: icmp_seq=3 ttl=64 time=1.42 ms
^Z
[3]+  Stopped                 ping 192.168.255.6
vagrant@off2Ser:~$ ping 192.168.255.2
PING 192.168.255.2 (192.168.255.2) 56(84) bytes of data.
64 bytes from 192.168.255.2: icmp_seq=1 ttl=63 time=1.68 ms
64 bytes from 192.168.255.2: icmp_seq=2 ttl=63 time=1.96 ms
64 bytes from 192.168.255.2: icmp_seq=3 ttl=63 time=1.92 ms
64 bytes from 192.168.255.2: icmp_seq=4 ttl=63 time=1.75 ms
^Z
[4]+  Stopped                 ping 192.168.255.2
vagrant@off2Ser:~$ ping 192.168.255.1
PING 192.168.255.1 (192.168.255.1) 56(84) bytes of data.
64 bytes from 192.168.255.1: icmp_seq=1 ttl=62 time=3.25 ms
64 bytes from 192.168.255.1: icmp_seq=2 ttl=62 time=2.63 ms
64 bytes from 192.168.255.1: icmp_seq=3 ttl=62 time=2.66 ms
^Z
[5]+  Stopped                 ping 192.168.255.1
vagrant@off2Ser:~$ ping 192.168.255.9
PING 192.168.255.9 (192.168.255.9) 56(84) bytes of data.
64 bytes from 192.168.255.9: icmp_seq=1 ttl=63 time=2.05 ms
64 bytes from 192.168.255.9: icmp_seq=2 ttl=63 time=1.86 ms
^Z
[6]+  Stopped                 ping 192.168.255.9
*************************************off2Rout****************************
vagrant@off2Rout:~$ ip r
default via 192.168.255.5 dev eth1 
10.0.2.0/24 dev eth0 proto kernel scope link src 10.0.2.15 
192.168.3.0/26 dev eth2 proto kernel scope link src 192.168.3.1 
192.168.3.128/26 dev eth3 proto kernel scope link src 192.168.3.129 
192.168.3.192/26 dev eth4 proto kernel scope link src 192.168.3.193 
192.168.56.0/24 dev eth5 proto kernel scope link src 192.168.56.15 
192.168.255.4/30 dev eth1 proto kernel scope link src 192.168.255.6 
vagrant@off2Rout:~$ traceroute 8.8.8.8
traceroute to 8.8.8.8 (8.8.8.8), 30 hops max, 60 byte packets
 1  192.168.255.5 (192.168.255.5)  1.075 ms  2.056 ms  1.759 ms
 2  192.168.255.1 (192.168.255.1)  2.740 ms  2.640 ms  2.106 ms
 3  * * *
 4  * * *
 5  * * *
 6  192.168.88.1 (192.168.88.1)  9.895 ms  3.075 ms  3.596 ms
 7  100.100.100.100 (100.100.100.100)  7.696 ms  7.717 ms  7.662 ms
 8  192.168.83.13 (192.168.83.13)  7.625 ms  7.540 ms  4.988 ms
 9  46.16.226.13 (46.16.226.13)  7.617 ms  10.722 ms  12.549 ms
10  178.176.146.105 (178.176.146.105)  6.145 ms  10.581 ms  10.351 ms
11  10.222.5.109 (10.222.5.109)  41.788 ms  43.589 ms  46.894 ms
12  10.222.34.145 (10.222.34.145)  41.405 ms 10.222.34.141 (10.222.34.141)  41.322 ms 10.222.34.145 (10.222.34.145)  41.047 ms
13  10.222.34.18 (10.222.34.18)  40.548 ms  40.642 ms 10.222.34.14 (10.222.34.14)  40.633 ms
14  83.169.204.117 (83.169.204.117)  40.511 ms  40.747 ms 83.169.204.113 (83.169.204.113)  40.846 ms
15  72.14.222.181 (72.14.222.181)  41.055 ms  40.847 ms 178.176.152.61 (178.176.152.61)  40.639 ms
16  108.170.250.130 (108.170.250.130)  40.548 ms 108.170.250.99 (108.170.250.99)  39.227 ms 108.170.250.83 (108.170.250.83)  51.879 ms
17  142.250.238.214 (142.250.238.214)  55.623 ms 172.253.66.116 (172.253.66.116)  55.578 ms 142.250.239.64 (142.250.239.64)  55.442 ms
18  66.249.95.224 (66.249.95.224)  53.794 ms 74.125.253.94 (74.125.253.94)  52.807 ms 72.14.235.69 (72.14.235.69)  53.244 ms
19  172.253.51.239 (172.253.51.239)  55.809 ms 216.239.63.27 (216.239.63.27)  56.011 ms 172.253.51.249 (172.253.51.249)  58.338 ms
20  * * *
21  * * *
22  * * *
23  * * *
24  * * *
25  * * *
26  * * *
27  * * *
28  * * *
29  dns.google (8.8.8.8)  57.593 ms  57.475 ms  58.155 ms
vagrant@off2Rout:~$ ping 192.168.255.2
PING 192.168.255.2 (192.168.255.2) 56(84) bytes of data.
64 bytes from 192.168.255.2: icmp_seq=1 ttl=64 time=1.19 ms
64 bytes from 192.168.255.2: icmp_seq=2 ttl=64 time=0.920 ms
^Z
[1]+  Stopped                 ping 192.168.255.2
vagrant@off2Rout:~$ ping 192.168.255.1
PING 192.168.255.1 (192.168.255.1) 56(84) bytes of data.
64 bytes from 192.168.255.1: icmp_seq=1 ttl=63 time=1.84 ms
64 bytes from 192.168.255.1: icmp_seq=2 ttl=63 time=1.50 ms
^Z
[2]+  Stopped                 ping 192.168.255.1
*****************************************centRout************************[vagrant@centRout ~]$ ip r
default via 192.168.255.1 dev eth1 proto static metric 103 
10.0.2.0/24 dev eth0 proto kernel scope link src 10.0.2.15 metric 104 
192.168.0.0/28 dev eth2 proto kernel scope link src 192.168.0.1 metric 100 
192.168.0.32/28 dev eth4 proto kernel scope link src 192.168.0.33 metric 101 
192.168.0.64/26 dev eth6 proto kernel scope link src 192.168.0.65 metric 106 
192.168.2.0/24 via 192.168.255.10 dev eth3 proto static metric 102 
192.168.3.0/24 via 192.168.255.6 dev eth5 proto static metric 105 
192.168.56.0/24 dev eth7 proto kernel scope link src 192.168.56.11 metric 107 
192.168.255.0/30 dev eth1 proto kernel scope link src 192.168.255.2 metric 103 
192.168.255.4/30 dev eth5 proto kernel scope link src 192.168.255.5 metric 105 
192.168.255.8/30 dev eth3 proto kernel scope link src 192.168.255.9 metric 102 
[vagrant@centRout ~]$ traceroute 8.8.8.8
traceroute to 8.8.8.8 (8.8.8.8), 30 hops max, 60 byte packets
 1  gateway (192.168.255.1)  0.986 ms  0.842 ms  0.475 ms
 2  * * *
 3  * * *
 4  * * *
 5  192.168.88.1 (192.168.88.1)  8.055 ms  6.866 ms  6.879 ms
 6  100.100.100.100 (100.100.100.100)  6.229 ms  5.852 ms  5.717 ms
 7  192.168.83.13 (192.168.83.13)  9.532 ms  8.906 ms  8.768 ms
 8  46.16.226.13 (46.16.226.13)  8.391 ms  8.255 ms  8.449 ms
 9  178.176.146.105 (178.176.146.105)  9.165 ms  7.596 ms  7.071 ms
10  10.222.5.109 (10.222.5.109)  39.415 ms  39.171 ms 10.222.5.97 (10.222.5.97)  43.544 ms
11  10.222.34.141 (10.222.34.141)  39.837 ms  38.945 ms 10.222.34.145 (10.222.34.145)  39.205 ms
12  10.222.34.14 (10.222.34.14)  38.467 ms  39.268 ms 10.222.34.18 (10.222.34.18)  38.461 ms
13  83.169.204.115 (83.169.204.115)  38.392 ms 83.169.204.117 (83.169.204.117)  42.045 ms  40.428 ms
14  37.29.3.250 (37.29.3.250)  41.081 ms 72.14.222.181 (72.14.222.181)  40.868 ms  39.971 ms
15  108.170.250.51 (108.170.250.51)  39.607 ms 108.170.250.34 (108.170.250.34)  38.940 ms 108.170.250.113 (108.170.250.113)  38.790 ms
16  142.251.237.156 (142.251.237.156)  53.663 ms 172.253.66.116 (172.253.66.116)  55.519 ms 142.251.49.158 (142.251.49.158)  52.549 ms
17  142.251.237.142 (142.251.237.142)  54.908 ms 216.239.48.224 (216.239.48.224)  54.194 ms 142.251.237.144 (142.251.237.144)  58.003 ms
18  172.253.79.237 (172.253.79.237)  54.597 ms 142.250.210.103 (142.250.210.103)  55.208 ms 142.250.238.181 (142.250.238.181)  57.590 ms
19  * * *
20  * * *
21  * * *
22  * * *
23  * * *
24  * * *
25  * * *
26  * * *
27  * * *
28  * dns.google (8.8.8.8)  56.889 ms  56.617 ms
[vagrant@centRout ~]$ ping 192.168.255.1
PING 192.168.255.1 (192.168.255.1) 56(84) bytes of data.
64 bytes from 192.168.255.1: icmp_seq=1 ttl=64 time=1.88 ms
64 bytes from 192.168.255.1: icmp_seq=2 ttl=64 time=1.25 ms
^Z
[1]+  Stopped                 ping 192.168.255.1
[vagrant@centRout ~]$ ping 192.168.3.1
PING 192.168.3.1 (192.168.3.1) 56(84) bytes of data.
64 bytes from 192.168.3.1: icmp_seq=1 ttl=64 time=1.36 ms
64 bytes from 192.168.3.1: icmp_seq=2 ttl=64 time=0.956 ms
^Z
[2]+  Stopped                 ping 192.168.3.1
[vagrant@centRout ~]$ ping 192.168.2.129
PING 192.168.2.129 (192.168.2.129) 56(84) bytes of data.
64 bytes from 192.168.2.129: icmp_seq=1 ttl=64 time=1.04 ms
64 bytes from 192.168.2.129: icmp_seq=2 ttl=64 time=1.13 ms
^Z
[3]+  Stopped                 ping 192.168.2.129
[vagrant@centRout ~]$ ping 192.168.0.1
PING 192.168.0.1 (192.168.0.1) 56(84) bytes of data.
64 bytes from 192.168.0.1: icmp_seq=1 ttl=64 time=0.043 ms
64 bytes from 192.168.0.1: icmp_seq=2 ttl=64 time=0.056 ms
^Z
[4]+  Stopped                 ping 192.168.0.1
[vagrant@centRout ~]$ 
******************************intRout**********************************[vagrant@intRout ~]$ ip r
default via 10.0.2.2 dev eth0 proto dhcp metric 100 
10.0.2.0/24 dev eth0 proto kernel scope link src 10.0.2.15 metric 100 
192.168.0.0/22 via 192.168.255.2 dev eth1 proto static metric 101 
192.168.2.0/24 via 192.168.255.2 dev eth1 proto static metric 101 
192.168.3.0/24 via 192.168.255.2 dev eth1 proto static metric 101 
192.168.56.0/24 dev eth2 proto kernel scope link src 192.168.56.10 metric 102 
192.168.255.0/30 dev eth1 proto kernel scope link src 192.168.255.1 metric 101 
192.168.255.4/30 via 192.168.255.2 dev eth1 proto static metric 101 
192.168.255.8/30 via 192.168.255.2 dev eth1 proto static metric 101 
vagrant@intRout ~]$ sudo iptables -t nat -L
Chain PREROUTING (policy ACCEPT)
target     prot opt source               destination         

Chain INPUT (policy ACCEPT)
target     prot opt source               destination         

Chain OUTPUT (policy ACCEPT)
target     prot opt source               destination         

Chain POSTROUTING (policy ACCEPT)
target     prot opt source               destination         
MASQUERADE  all  --  anywhere            !192.168.0.0/16     
vagrant@intRout ~]$ traceroute 192.168.2.130
traceroute to 192.168.2.130 (192.168.2.130), 30 hops max, 60 byte packets
 1  192.168.255.2 (192.168.255.2)  0.420 ms  0.336 ms  0.260 ms
 2  192.168.255.10 (192.168.255.10)  0.523 ms  0.880 ms  0.799 ms
 3  192.168.2.130 (192.168.2.130)  1.139 ms  1.196 ms  1.406 ms

traceroute to 192.168.3.2 (192.168.3.2), 30 hops max, 60 byte packets
 1  192.168.255.2 (192.168.255.2)  0.352 ms  0.287 ms  0.236 ms
 2  192.168.255.6 (192.168.255.6)  0.699 ms  0.701 ms  0.661 ms
 3  192.168.3.2 (192.168.3.2)  1.379 ms  1.290 ms  1.646 ms
[vagrant@intRout ~]$ ping ya.ru
PING ya.ru (77.88.55.242) 56(84) bytes of data.
64 bytes from ya.ru (77.88.55.242): icmp_seq=1 ttl=63 time=44.0 ms
64 bytes from ya.ru (77.88.55.242): icmp_seq=2 ttl=63 time=43.6 ms
64 bytes from ya.ru (77.88.55.242): icmp_seq=3 ttl=63 time=43.9 ms
^Z
[vagrant@intRout ~]$ traceroute 8.8.8.8
traceroute to 8.8.8.8 (8.8.8.8), 30 hops max, 60 byte packets
 1  gateway (10.0.2.2)  0.513 ms  0.355 ms  0.360 ms
 2  _gateway (192.168.68.1)  9.817 ms  9.397 ms  8.951 ms
 3  * * *
 4  192.168.88.1 (192.168.88.1)  10.656 ms  11.415 ms  11.344 ms
 5  100.100.100.100 (100.100.100.100)  11.079 ms  10.960 ms  10.621 ms
 6  192.168.83.13 (192.168.83.13)  11.382 ms  4.261 ms  4.925 ms
 7  46.16.226.13 (46.16.226.13)  6.273 ms  8.533 ms  8.761 ms
 8  178.176.146.105 (178.176.146.105)  8.091 ms  7.893 ms  7.998 ms
 9  10.222.5.109 (10.222.5.109)  42.415 ms  40.594 ms  42.269 ms
10  10.222.34.141 (10.222.34.141)  48.124 ms  47.780 ms 10.222.34.145 (10.222.34.145)  47.383 ms
11  10.222.34.18 (10.222.34.18)  47.173 ms 10.222.34.14 (10.222.34.14)  43.439 ms  40.782 ms
12  83.169.204.117 (83.169.204.117)  40.598 ms 83.169.204.119 (83.169.204.119)  40.241 ms 83.169.204.115 (83.169.204.115)  39.794 ms
13  178.176.152.61 (178.176.152.61)  41.921 ms  38.633 ms 72.14.222.181 (72.14.222.181)  170.601 ms
14  108.170.250.130 (108.170.250.130)  168.920 ms 108.170.250.51 (108.170.250.51)  167.556 ms 108.170.250.99 (108.170.250.99)  164.306 ms
15  142.250.239.64 (142.250.239.64)  164.262 ms  163.892 ms 172.253.66.116 (172.253.66.116)  163.694 ms
16  142.250.235.74 (142.250.235.74)  163.484 ms 108.170.235.204 (108.170.235.204)  162.951 ms 142.251.237.142 (142.251.237.142)  162.564 ms
17  216.239.40.61 (216.239.40.61)  162.504 ms 172.253.70.51 (172.253.70.51)  161.760 ms 172.253.51.187 (172.253.51.187)  321.718 ms
18  * * *
19  * * *
20  * * *
21  * * *
22  * * *
23  * * *
24  * * *
25  * * *
26  * * *
27  dns.google (8.8.8.8)  54.269 ms  53.703 ms  53.876 ms
*************************************dirSer******************************
[vagrant@dirSer ~]$ traceroute 8.8.8.8
traceroute to 8.8.8.8 (8.8.8.8), 30 hops max, 60 byte packets
 1  gateway (192.168.0.1)  1.080 ms  1.945 ms  1.546 ms
 2  192.168.255.1 (192.168.255.1)  7.266 ms  7.300 ms  6.484 ms
 3  * * *
 4  * * *
 5  * * *
 6  192.168.88.1 (192.168.88.1)  7.576 ms  5.392 ms  5.838 ms
 7  100.100.100.100 (100.100.100.100)  6.005 ms  5.561 ms  5.465 ms
 8  192.168.83.13 (192.168.83.13)  6.741 ms  6.513 ms  6.815 ms
 9  46.16.226.13 (46.16.226.13)  10.251 ms  9.810 ms  8.092 ms
10  178.176.146.105 (178.176.146.105)  9.212 ms  8.602 ms  7.939 ms
11  10.222.5.109 (10.222.5.109)  39.588 ms  38.402 ms 10.222.5.97 (10.222.5.97)  38.761 ms
12  10.222.34.145 (10.222.34.145)  40.788 ms 10.222.34.141 (10.222.34.141)  38.178 ms  38.128 ms
13  10.222.34.18 (10.222.34.18)  38.089 ms *  41.310 ms
14  83.169.204.119 (83.169.204.119)  40.968 ms  36.908 ms 83.169.204.115 (83.169.204.115)  37.530 ms
15  37.29.3.250 (37.29.3.250)  41.220 ms  42.143 ms 72.14.222.181 (72.14.222.181)  44.026 ms
16  108.170.250.34 (108.170.250.34)  43.933 ms 108.170.250.99 (108.170.250.99)  43.651 ms 108.170.250.34 (108.170.250.34)  43.000 ms
17  142.251.238.82 (142.251.238.82)  55.013 ms 142.251.49.24 (142.251.49.24)  53.823 ms 142.251.49.78 (142.251.49.78)  53.640 ms
18  72.14.232.190 (72.14.232.190)  55.530 ms 108.170.235.204 (108.170.235.204)  53.638 ms 72.14.238.168 (72.14.238.168)  54.918 ms
19  216.239.49.113 (216.239.49.113)  62.831 ms 142.250.210.47 (142.250.210.47)  62.793 ms 172.253.51.187 (172.253.51.187)  59.971 ms
20  * * *
21  * * *
22  * * *
23  * * *
24  * * *
25  * * *
26  * * dns.google (8.8.8.8)  60.101 ms
[vagrant@dirSer ~]$ ip r
default via 192.168.0.1 dev eth1 proto static metric 101 
10.0.2.0/24 dev eth0 proto kernel scope link src 10.0.2.15 metric 100 
192.168.0.0/28 dev eth1 proto kernel scope link src 192.168.0.2 metric 101 
192.168.56.0/24 dev eth2 proto kernel scope link src 192.168.56.12 metric 102 
vagrant@dirSer ~]$ ping 192.168.3.2
PING 192.168.3.2 (192.168.3.2) 56(84) bytes of data.
64 bytes from 192.168.3.2: icmp_seq=1 ttl=62 time=5.16 ms
64 bytes from 192.168.3.2: icmp_seq=2 ttl=62 time=3.23 ms
64 bytes from 192.168.3.2: icmp_seq=3 ttl=62 time=3.69 ms
^Z
vagrant@dirSer ~]$ ping 192.168.255.1
PING 192.168.255.1 (192.168.255.1) 56(84) bytes of data.
64 bytes from 192.168.255.1: icmp_seq=1 ttl=63 time=1.92 ms
64 bytes from 192.168.255.1: icmp_seq=2 ttl=63 time=1.84 ms
64 bytes from 192.168.255.1: icmp_seq=3 ttl=63 time=0.787 ms
^Z
[4]+  Stopped                 ping 192.168.255.1
[vagrant@dirSer ~]$ ping 192.168.255.2
PING 192.168.255.2 (192.168.255.2) 56(84) bytes of data.
64 bytes from 192.168.255.2: icmp_seq=1 ttl=64 time=1.18 ms
64 bytes from 192.168.255.2: icmp_seq=2 ttl=64 time=0.950 ms
^Z
 
